[  5%] Built target r-type_engine
[  8%] Building CXX object client/CMakeFiles/r-type_client.dir/engine/systems/systems_functions/CollisionDetectionSystem.cpp.o
[ 11%] Building CXX object client/CMakeFiles/r-type_client.dir/engine/systems/systems_functions/render/DrawableSystem.cpp.o
[ 11%] Building CXX object client/CMakeFiles/r-type_client.dir/engine/systems/systems_functions/render/HealthBarSystem.cpp.o
[ 17%] Building CXX object client/CMakeFiles/r-type_client.dir/game/factory/factory_ennemies/FactoryActors.cpp.o
[ 17%] Building CXX object client/CMakeFiles/r-type_client.dir/game/ClientApplication.cpp.o
[ 17%] Building CXX object client/CMakeFiles/r-type_client.dir/game/factory/factory_ennemies/FactoryActorsInit.cpp.o
[ 20%] Building CXX object client/CMakeFiles/r-type_client.dir/game/scenes_management/InitScenes.cpp.o
[ 20%] Building CXX object client/CMakeFiles/r-type_client.dir/game/factory/factory_ennemies/CreatePlayerActor.cpp.o
[ 20%] Building CXX object client/CMakeFiles/r-type_client.dir/game/scenes_management/Scene_A.cpp.o
[ 23%] Building CXX object client/CMakeFiles/r-type_client.dir/game/factory/factory_ennemies/CreateMermaidActor.cpp.o
[ 29%] Building CXX object client/CMakeFiles/r-type_client.dir/game/scenes_management/scenes/MainMenuScene.cpp.o
[ 29%] Building CXX object client/CMakeFiles/r-type_client.dir/game/scenes_management/scenes/GameScene.cpp.o
/home/matt/tek3/RTYPE/R_TYPE_J.A.M.E.S./client/game/factory/factory_ennemies/CreatePlayerActor.cpp: In member function ‘void Rtype::Client::FactoryActors::CreatePlayerActor(Engine::entity&, Engine::registry&, EnnemyInfo)’:
/home/matt/tek3/RTYPE/R_TYPE_J.A.M.E.S./client/game/factory/factory_ennemies/CreatePlayerActor.cpp:32:25: error: no matching function for call to ‘Rtype::Client::Component::ParticleEmitter::ParticleEmitter(int, int, const Engine::Graphics::Color&, const sf::Color&, Engine::Graphics::Vector2f, bool, float, float, Engine::Graphics::Vector2f, float, float, float, float, float, float, unsigned int)’
   32 |         LAYER_ACTORS - 2);
      |                         ^
/home/matt/tek3/RTYPE/R_TYPE_J.A.M.E.S./client/game/factory/factory_ennemies/CreatePlayerActor.cpp:32:25: note: there are 3 candidates
In file included from /home/matt/tek3/RTYPE/R_TYPE_J.A.M.E.S./client/game/factory/factory_ennemies/FactoryActors.hpp:10,
                 from /home/matt/tek3/RTYPE/R_TYPE_J.A.M.E.S./client/game/factory/factory_ennemies/CreatePlayerActor.cpp:3:
/home/matt/tek3/RTYPE/R_TYPE_J.A.M.E.S./client/include/components/RenderComponent.hpp:283:5: note: candidate 1: ‘Rtype::Client::Component::ParticleEmitter::ParticleEmitter(float, std::size_t, Engine::Graphics::Color, Engine::Graphics::Color, Engine::Graphics::Vector2f, bool, float, float, Engine::Graphics::Vector2f, float, float, float, float, float, float, int)’
  283 |     ParticleEmitter(float emissionRate = 200.f, std::size_t maxParticles = 300,
      |     ^~~~~~~~~~~~~~~
/home/matt/tek3/RTYPE/R_TYPE_J.A.M.E.S./client/include/components/RenderComponent.hpp:286:33: note: no known conversion for argument 4 from ‘const sf::Color’ to ‘Engine::Graphics::Color’
  286 |         Engine::Graphics::Color endColor = Engine::Graphics::Color(
      |         ~~~~~~~~~~~~~~~~~~~~~~~~^~~~~~~~~~~~~~~~~~~~~~~~~~~~~~~~~~~
  287 |             80, 80, 255, 0),
      |             ~~~~~~~~~~~~~~~      
/home/matt/tek3/RTYPE/R_TYPE_J.A.M.E.S./client/include/components/RenderComponent.hpp:252:8: note: candidate 2: ‘constexpr Rtype::Client::Component::ParticleEmitter::ParticleEmitter(const Rtype::Client::Component::ParticleEmitter&)’
  252 | struct ParticleEmitter {
      |        ^~~~~~~~~~~~~~~
/home/matt/tek3/RTYPE/R_TYPE_J.A.M.E.S./client/include/components/RenderComponent.hpp:252:8: note: candidate expects 1 argument, 16 provided
/home/matt/tek3/RTYPE/R_TYPE_J.A.M.E.S./client/include/components/RenderComponent.hpp:252:8: note: candidate 3: ‘constexpr Rtype::Client::Component::ParticleEmitter::ParticleEmitter(Rtype::Client::Component::ParticleEmitter&&)’
/home/matt/tek3/RTYPE/R_TYPE_J.A.M.E.S./client/include/components/RenderComponent.hpp:252:8: note: candidate expects 1 argument, 16 provided
gmake[3]: *** [client/CMakeFiles/r-type_client.dir/build.make:681: client/CMakeFiles/r-type_client.dir/game/factory/factory_ennemies/CreatePlayerActor.cpp.o] Error 1
gmake[3]: *** Waiting for unfinished jobs....
/home/matt/tek3/RTYPE/R_TYPE_J.A.M.E.S./client/game/factory/factory_ennemies/FactoryActors.cpp: In member function ‘void Rtype::Client::FactoryActors::CreateBasicActor(Engine::entity&, Engine::registry&, EnnemyInfo)’:
/home/matt/tek3/RTYPE/R_TYPE_J.A.M.E.S./client/game/factory/factory_ennemies/FactoryActors.cpp:39:43: error: cannot convert ‘<brace-enclosed initializer list>’ to ‘Rtype::Client::Component::Transform&&’
   39 |     reg.AddComponent<Component::Transform>(
      |     ~~~~~~~~~~~~~~~~~~~~~~~~~~~~~~~~~~~~~~^
   40 |         entity, {0.f, 0.f, 0.0f, info.scale, Component::Transform::CENTER});
      |         ~~~~~~~~~~~~~~~~~~~~~~~~~~~~~~~~~~~~~~~~~~~~~~~~~~~~~~~~~~~~~~~~~~~
In file included from /home/matt/tek3/RTYPE/R_TYPE_J.A.M.E.S./engine/include/registry.hpp:96,
                 from /home/matt/tek3/RTYPE/R_TYPE_J.A.M.E.S./client/game/factory/factory_ennemies/FactoryActors.hpp:11,
                 from /home/matt/tek3/RTYPE/R_TYPE_J.A.M.E.S./client/game/factory/factory_ennemies/FactoryActors.cpp:1:
/home/matt/tek3/RTYPE/R_TYPE_J.A.M.E.S./engine/include/registry.tpp:64:37: note: initializing argument 2 of ‘typename Engine::sparse_array<Component>::reference_type Engine::registry::AddComponent(const entity_t&, Component&&) [with Component = Rtype::Client::Component::Transform; typename Engine::sparse_array<Component>::reference_type = std::optional<Rtype::Client::Component::Transform>&; entity_t = Engine::entity]’
   64 |     entity_t const &to, Component &&c) {
      |                         ~~~~~~~~~~~~^
/home/matt/tek3/RTYPE/R_TYPE_J.A.M.E.S./client/game/factory/factory_ennemies/FactoryActors.cpp:45:17: error: could not convert ‘sf::Vector2<float>(info.Rtype::Client::FactoryActors::EnnemyInfo::offset_healthbar.sf::Vector2<float>::x, info.Rtype::Client::FactoryActors::EnnemyInfo::offset_healthbar.sf::Vector2<float>::y)’ from ‘sf::Vector2f’ {aka ‘sf::Vector2<float>’} to ‘Engine::Graphics::Vector2f’
   45 |             sf::Vector2f(info.offset_healthbar.x, info.offset_healthbar.y)});
      |                 ^~~~~~~~~~~~~~~~~~~~~~~~~~~~~~~~~~~~~~~~~~~~~~~~~~~~~~~~~~
      |                 |
      |                 sf::Vector2f {aka sf::Vector2<float>}
/home/matt/tek3/RTYPE/R_TYPE_J.A.M.E.S./client/game/factory/factory_ennemies/FactoryActors.cpp: In member function ‘void Rtype::Client::FactoryActors::CreateBasicEnnemy(Engine::entity&, Engine::registry&, EnnemyInfo)’:
/home/matt/tek3/RTYPE/R_TYPE_J.A.M.E.S./client/game/factory/factory_ennemies/FactoryActors.cpp:63:56: error: no matching function for call to ‘Rtype::Client::Component::AnimatedSprite::AnimatedSprite(int, int, float, bool, sf::Vector2f, int)’
   63 |         48, 48, 0.2f, true, sf::Vector2f(0.0f, 0.0f), 4);
      |                                                        ^
/home/matt/tek3/RTYPE/R_TYPE_J.A.M.E.S./client/game/factory/factory_ennemies/FactoryActors.cpp:63:56: note: there are 4 candidates
In file included from /home/matt/tek3/RTYPE/R_TYPE_J.A.M.E.S./client/game/factory/factory_ennemies/FactoryActors.hpp:10:
/home/matt/tek3/RTYPE/R_TYPE_J.A.M.E.S./client/include/components/RenderComponent.hpp:138:5: note: candidate 1: ‘Rtype::Client::Component::AnimatedSprite::AnimatedSprite(int, int, int)’
  138 |     AnimatedSprite(int frameWidth, int frameHeight, int current_frame);
      |     ^~~~~~~~~~~~~~
/home/matt/tek3/RTYPE/R_TYPE_J.A.M.E.S./client/include/components/RenderComponent.hpp:138:5: note: candidate expects 3 arguments, 6 provided
/home/matt/tek3/RTYPE/R_TYPE_J.A.M.E.S./client/include/components/RenderComponent.hpp:132:5: note: candidate 2: ‘Rtype::Client::Component::AnimatedSprite::AnimatedSprite(int, int, float, bool, Engine::Graphics::Vector2f, int)’
  132 |     AnimatedSprite(int frame_width, int frame_height, float frame_duration,
      |     ^~~~~~~~~~~~~~
/home/matt/tek3/RTYPE/R_TYPE_J.A.M.E.S./client/include/components/RenderComponent.hpp:134:36: note: no known conversion for argument 5 from ‘sf::Vector2f’ {aka ‘sf::Vector2<float>’} to ‘Engine::Graphics::Vector2f’
  134 |         Engine::Graphics::Vector2f first_frame_position =
      |         ~~~~~~~~~~~~~~~~~~~~~~~~~~~^~~~~~~~~~~~~~~~~~~~~~
  135 |             Engine::Graphics::Vector2f(0.0f, 0.0f),
      |             ~~~~~~~~~~~~~~~~~~~~~~~~~~~~~~~~~~~~~~
/home/matt/tek3/RTYPE/R_TYPE_J.A.M.E.S./client/include/components/RenderComponent.hpp:78:8: note: candidate 3: ‘Rtype::Client::Component::AnimatedSprite::AnimatedSprite(const Rtype::Client::Component::AnimatedSprite&)’
   78 | struct AnimatedSprite {
      |        ^~~~~~~~~~~~~~
/home/matt/tek3/RTYPE/R_TYPE_J.A.M.E.S./client/include/components/RenderComponent.hpp:78:8: note: candidate expects 1 argument, 6 provided
/home/matt/tek3/RTYPE/R_TYPE_J.A.M.E.S./client/include/components/RenderComponent.hpp:78:8: note: candidate 4: ‘Rtype::Client::Component::AnimatedSprite::AnimatedSprite(Rtype::Client::Component::AnimatedSprite&&)’
/home/matt/tek3/RTYPE/R_TYPE_J.A.M.E.S./client/include/components/RenderComponent.hpp:78:8: note: candidate expects 1 argument, 6 provided
/home/matt/tek3/RTYPE/R_TYPE_J.A.M.E.S./client/game/factory/factory_ennemies/FactoryActors.cpp: In member function ‘void Rtype::Client::FactoryActors::CreateEnemyProjectile(Engine::registry&, sf::Vector2f, Rtype::Client::Component::EnemyShootTag&, int, const Rtype::Client::Component::Transform&)’:
/home/matt/tek3/RTYPE/R_TYPE_J.A.M.E.S./client/game/factory/factory_ennemies/FactoryActors.cpp:90:62: error: could not convert ‘direction’ from ‘sf::Vector2f’ {aka ‘sf::Vector2<float>’} to ‘Engine::Graphics::Vector2f’
   90 |         Component::Projectile{enemy_shoot.damage_projectile, direction,
      |                                                              ^~~~~~~~~
      |                                                              |
      |                                                              sf::Vector2f {aka sf::Vector2<float>}
/home/matt/tek3/RTYPE/R_TYPE_J.A.M.E.S./client/game/factory/factory_ennemies/FactoryActors.cpp:99:58: error: no matching function for call to ‘Rtype::Client::Component::ParticleEmitter::ParticleEmitter(int, int, const sf::Color&, const sf::Color&, sf::Vector2f, bool, float, float, sf::Vector2f, float, int, int, float, float, float, const unsigned int&)’
   99 |             45.f, 0, 8, 3.0f, 2.0f, -1.0f, LAYER_PARTICLE));
      |                                                          ^
/home/matt/tek3/RTYPE/R_TYPE_J.A.M.E.S./client/game/factory/factory_ennemies/FactoryActors.cpp:99:58: note: there are 3 candidates
/home/matt/tek3/RTYPE/R_TYPE_J.A.M.E.S./client/include/components/RenderComponent.hpp:283:5: note: candidate 1: ‘Rtype::Client::Component::ParticleEmitter::ParticleEmitter(float, std::size_t, Engine::Graphics::Color, Engine::Graphics::Color, Engine::Graphics::Vector2f, bool, float, float, Engine::Graphics::Vector2f, float, float, float, float, float, float, int)’
  283 |     ParticleEmitter(float emissionRate = 200.f, std::size_t maxParticles = 300,
      |     ^~~~~~~~~~~~~~~
/home/matt/tek3/RTYPE/R_TYPE_J.A.M.E.S./client/include/components/RenderComponent.hpp:284:33: note: no known conversion for argument 3 from ‘const sf::Color’ to ‘Engine::Graphics::Color’
  284 |         Engine::Graphics::Color startColor = Engine::Graphics::Color(
      |         ~~~~~~~~~~~~~~~~~~~~~~~~^~~~~~~~~~~~~~~~~~~~~~~~~~~~~~~~~~~~~
  285 |             80, 80, 255, 255),
      |             ~~~~~~~~~~~~~~~~~    
/home/matt/tek3/RTYPE/R_TYPE_J.A.M.E.S./client/include/components/RenderComponent.hpp:252:8: note: candidate 2: ‘constexpr Rtype::Client::Component::ParticleEmitter::ParticleEmitter(const Rtype::Client::Component::ParticleEmitter&)’
  252 | struct ParticleEmitter {
      |        ^~~~~~~~~~~~~~~
/home/matt/tek3/RTYPE/R_TYPE_J.A.M.E.S./client/include/components/RenderComponent.hpp:252:8: note: candidate expects 1 argument, 16 provided
/home/matt/tek3/RTYPE/R_TYPE_J.A.M.E.S./client/include/components/RenderComponent.hpp:252:8: note: candidate 3: ‘constexpr Rtype::Client::Component::ParticleEmitter::ParticleEmitter(Rtype::Client::Component::ParticleEmitter&&)’
/home/matt/tek3/RTYPE/R_TYPE_J.A.M.E.S./client/include/components/RenderComponent.hpp:252:8: note: candidate expects 1 argument, 16 provided
gmake[3]: *** [client/CMakeFiles/r-type_client.dir/build.make:695: client/CMakeFiles/r-type_client.dir/game/factory/factory_ennemies/FactoryActors.cpp.o] Error 1
/home/matt/tek3/RTYPE/R_TYPE_J.A.M.E.S./client/game/factory/factory_ennemies/CreateMermaidActor.cpp: In lambda function:
/home/matt/tek3/RTYPE/R_TYPE_J.A.M.E.S./client/game/factory/factory_ennemies/CreateMermaidActor.cpp:36:26: error: cannot convert ‘Engine::Graphics::Vector2f’ to ‘sf::Vector2f’ {aka ‘sf::Vector2<float>’}
   36 |                     reg, shoot_direction, enemy_shoot, entity_id, transform);
      |                          ^~~~~~~~~~~~~~~
      |                          |
      |                          Engine::Graphics::Vector2f
In file included from /home/matt/tek3/RTYPE/R_TYPE_J.A.M.E.S./client/game/factory/factory_ennemies/CreateMermaidActor.cpp:3:
/home/matt/tek3/RTYPE/R_TYPE_J.A.M.E.S./client/game/factory/factory_ennemies/FactoryActors.hpp:58:68: note: initializing argument 2 of ‘void Rtype::Client::FactoryActors::CreateEnemyProjectile(Engine::registry&, sf::Vector2f, Rtype::Client::Component::EnemyShootTag&, int, const Rtype::Client::Component::Transform&)’
   58 |     void CreateEnemyProjectile(Engine::registry &reg, sf::Vector2f direction,
      |                                                       ~~~~~~~~~~~~~^~~~~~~~~
gmake[3]: *** [client/CMakeFiles/r-type_client.dir/build.make:667: client/CMakeFiles/r-type_client.dir/game/factory/factory_ennemies/CreateMermaidActor.cpp.o] Error 1
In file included from /home/matt/tek3/RTYPE/R_TYPE_J.A.M.E.S./client/game/scenes_management/InitScenes.cpp:5:
/home/matt/tek3/RTYPE/R_TYPE_J.A.M.E.S./client/game/scenes_management/scenes/GameScene.hpp:32:39: error: ‘sf’ has not been declared
   32 |     void AddEnemyLevel(registry &reg, sf::Vector2f position, int i = 0);
      |                                       ^~
/home/matt/tek3/RTYPE/R_TYPE_J.A.M.E.S./client/game/scenes_management/scenes/GameScene.hpp:32:52: error: expected ‘,’ or ‘...’ before ‘position’
   32 |     void AddEnemyLevel(registry &reg, sf::Vector2f position, int i = 0);
      |                                                    ^~~~~~~~
gmake[3]: *** [client/CMakeFiles/r-type_client.dir/build.make:723: client/CMakeFiles/r-type_client.dir/game/scenes_management/InitScenes.cpp.o] Error 1
/home/matt/tek3/RTYPE/R_TYPE_J.A.M.E.S./client/engine/systems/systems_functions/render/HealthBarSystem.cpp: In function ‘void Rtype::Client::InitHealthBar(Component::HealthBar&)’:
/home/matt/tek3/RTYPE/R_TYPE_J.A.M.E.S./client/engine/systems/systems_functions/render/HealthBarSystem.cpp:20:21: error: ‘struct Rtype::Client::Component::HealthBar’ has no member named ‘foreground_texture’
   20 |     if (!health_bar.foreground_texture.loadFromFile(
      |                     ^~~~~~~~~~~~~~~~~~
/home/matt/tek3/RTYPE/R_TYPE_J.A.M.E.S./client/engine/systems/systems_functions/render/HealthBarSystem.cpp:25:16: error: ‘struct Rtype::Client::Component::HealthBar’ has no member named ‘foreground_bar’
   25 |     health_bar.foreground_bar.setTexture(health_bar.foreground_texture);
      |                ^~~~~~~~~~~~~~
/home/matt/tek3/RTYPE/R_TYPE_J.A.M.E.S./client/engine/systems/systems_functions/render/HealthBarSystem.cpp:25:53: error: ‘struct Rtype::Client::Component::HealthBar’ has no member named ‘foreground_texture’
   25 |     health_bar.foreground_bar.setTexture(health_bar.foreground_texture);
      |                                                     ^~~~~~~~~~~~~~~~~~
/home/matt/tek3/RTYPE/R_TYPE_J.A.M.E.S./client/engine/systems/systems_functions/render/HealthBarSystem.cpp:26:21: error: ‘struct Rtype::Client::Component::HealthBar’ has no member named ‘green_texture’
   26 |     if (!health_bar.green_texture.loadFromFile(
      |                     ^~~~~~~~~~~~~
/home/matt/tek3/RTYPE/R_TYPE_J.A.M.E.S./client/engine/systems/systems_functions/render/HealthBarSystem.cpp:31:16: error: ‘struct Rtype::Client::Component::HealthBar’ has no member named ‘green_bar’
   31 |     health_bar.green_bar.setTexture(health_bar.green_texture);
      |                ^~~~~~~~~
/home/matt/tek3/RTYPE/R_TYPE_J.A.M.E.S./client/engine/systems/systems_functions/render/HealthBarSystem.cpp:31:48: error: ‘struct Rtype::Client::Component::HealthBar’ has no member named ‘green_texture’
   31 |     health_bar.green_bar.setTexture(health_bar.green_texture);
      |                                                ^~~~~~~~~~~~~
/home/matt/tek3/RTYPE/R_TYPE_J.A.M.E.S./client/engine/systems/systems_functions/render/HealthBarSystem.cpp:32:21: error: ‘struct Rtype::Client::Component::HealthBar’ has no member named ‘yellow_texture’
   32 |     if (!health_bar.yellow_texture.loadFromFile(
      |                     ^~~~~~~~~~~~~~
/home/matt/tek3/RTYPE/R_TYPE_J.A.M.E.S./client/engine/systems/systems_functions/render/HealthBarSystem.cpp:37:16: error: ‘struct Rtype::Client::Component::HealthBar’ has no member named ‘yellow_bar’
   37 |     health_bar.yellow_bar.setTexture(health_bar.yellow_texture);
      |                ^~~~~~~~~~
/home/matt/tek3/RTYPE/R_TYPE_J.A.M.E.S./client/engine/systems/systems_functions/render/HealthBarSystem.cpp:37:49: error: ‘struct Rtype::Client::Component::HealthBar’ has no member named ‘yellow_texture’
   37 |     health_bar.yellow_bar.setTexture(health_bar.yellow_texture);
      |                                                 ^~~~~~~~~~~~~~
/home/matt/tek3/RTYPE/R_TYPE_J.A.M.E.S./client/engine/systems/systems_functions/render/HealthBarSystem.cpp:39:16: error: ‘struct Rtype::Client::Component::HealthBar’ has no member named ‘foreground_bar’
   39 |     health_bar.foreground_bar.setOrigin(
      |                ^~~~~~~~~~~~~~
/home/matt/tek3/RTYPE/R_TYPE_J.A.M.E.S./client/engine/systems/systems_functions/render/HealthBarSystem.cpp:40:20: error: ‘struct Rtype::Client::Component::HealthBar’ has no member named ‘foreground_texture’
   40 |         health_bar.foreground_texture.getSize().x / 2.f,
      |                    ^~~~~~~~~~~~~~~~~~
/home/matt/tek3/RTYPE/R_TYPE_J.A.M.E.S./client/engine/systems/systems_functions/render/HealthBarSystem.cpp:41:20: error: ‘struct Rtype::Client::Component::HealthBar’ has no member named ‘foreground_texture’
   41 |         health_bar.foreground_texture.getSize().y / 2.f);
      |                    ^~~~~~~~~~~~~~~~~~
/home/matt/tek3/RTYPE/R_TYPE_J.A.M.E.S./client/engine/systems/systems_functions/render/HealthBarSystem.cpp:42:16: error: ‘struct Rtype::Client::Component::HealthBar’ has no member named ‘green_bar’
   42 |     health_bar.green_bar.setOrigin(health_bar.green_texture.getSize().x / 2.f,
      |                ^~~~~~~~~
/home/matt/tek3/RTYPE/R_TYPE_J.A.M.E.S./client/engine/systems/systems_functions/render/HealthBarSystem.cpp:42:47: error: ‘struct Rtype::Client::Component::HealthBar’ has no member named ‘green_texture’
   42 |     health_bar.green_bar.setOrigin(health_bar.green_texture.getSize().x / 2.f,
      |                                               ^~~~~~~~~~~~~
/home/matt/tek3/RTYPE/R_TYPE_J.A.M.E.S./client/engine/systems/systems_functions/render/HealthBarSystem.cpp:43:20: error: ‘struct Rtype::Client::Component::HealthBar’ has no member named ‘green_texture’
   43 |         health_bar.green_texture.getSize().y / 2.f);
      |                    ^~~~~~~~~~~~~
/home/matt/tek3/RTYPE/R_TYPE_J.A.M.E.S./client/engine/systems/systems_functions/render/HealthBarSystem.cpp:44:16: error: ‘struct Rtype::Client::Component::HealthBar’ has no member named ‘yellow_bar’
   44 |     health_bar.yellow_bar.setOrigin(
      |                ^~~~~~~~~~
/home/matt/tek3/RTYPE/R_TYPE_J.A.M.E.S./client/engine/systems/systems_functions/render/HealthBarSystem.cpp:45:20: error: ‘struct Rtype::Client::Component::HealthBar’ has no member named ‘yellow_texture’
   45 |         health_bar.yellow_texture.getSize().x / 2.f,
      |                    ^~~~~~~~~~~~~~
/home/matt/tek3/RTYPE/R_TYPE_J.A.M.E.S./client/engine/systems/systems_functions/render/HealthBarSystem.cpp:46:20: error: ‘struct Rtype::Client::Component::HealthBar’ has no member named ‘yellow_texture’
   46 |         health_bar.yellow_texture.getSize().y / 2.f);
      |                    ^~~~~~~~~~~~~~
/home/matt/tek3/RTYPE/R_TYPE_J.A.M.E.S./client/engine/systems/systems_functions/render/HealthBarSystem.cpp: In function ‘void Rtype::Client::DrawHealthBar(Component::HealthBar&, GameWorld&)’:
/home/matt/tek3/RTYPE/R_TYPE_J.A.M.E.S./client/engine/systems/systems_functions/render/HealthBarSystem.cpp:57:16: error: ‘struct Rtype::Client::GameWorld’ has no member named ‘window_’
   57 |     game_world.window_.draw(health_bar.yellow_bar);
      |                ^~~~~~~
/home/matt/tek3/RTYPE/R_TYPE_J.A.M.E.S./client/engine/systems/systems_functions/render/HealthBarSystem.cpp:57:40: error: ‘struct Rtype::Client::Component::HealthBar’ has no member named ‘yellow_bar’
   57 |     game_world.window_.draw(health_bar.yellow_bar);
      |                                        ^~~~~~~~~~
/home/matt/tek3/RTYPE/R_TYPE_J.A.M.E.S./client/engine/systems/systems_functions/render/HealthBarSystem.cpp:58:16: error: ‘struct Rtype::Client::GameWorld’ has no member named ‘window_’
   58 |     game_world.window_.draw(health_bar.green_bar);
      |                ^~~~~~~
/home/matt/tek3/RTYPE/R_TYPE_J.A.M.E.S./client/engine/systems/systems_functions/render/HealthBarSystem.cpp:58:40: error: ‘struct Rtype::Client::Component::HealthBar’ has no member named ‘green_bar’
   58 |     game_world.window_.draw(health_bar.green_bar);
      |                                        ^~~~~~~~~
/home/matt/tek3/RTYPE/R_TYPE_J.A.M.E.S./client/engine/systems/systems_functions/render/HealthBarSystem.cpp:59:16: error: ‘struct Rtype::Client::GameWorld’ has no member named ‘window_’
   59 |     game_world.window_.draw(health_bar.foreground_bar);
      |                ^~~~~~~
/home/matt/tek3/RTYPE/R_TYPE_J.A.M.E.S./client/engine/systems/systems_functions/render/HealthBarSystem.cpp:59:40: error: ‘struct Rtype::Client::Component::HealthBar’ has no member named ‘foreground_bar’
   59 |     game_world.window_.draw(health_bar.foreground_bar);
      |                                        ^~~~~~~~~~~~~~
/home/matt/tek3/RTYPE/R_TYPE_J.A.M.E.S./client/engine/systems/systems_functions/render/HealthBarSystem.cpp: In function ‘void Rtype::Client::SetHealthsBarSprites(const Component::Transform&, Component::HealthBar&)’:
/home/matt/tek3/RTYPE/R_TYPE_J.A.M.E.S./client/engine/systems/systems_functions/render/HealthBarSystem.cpp:99:16: error: ‘struct Rtype::Client::Component::HealthBar’ has no member named ‘green_bar’
   99 |     health_bar.green_bar.setPosition(posBar);
      |                ^~~~~~~~~
/home/matt/tek3/RTYPE/R_TYPE_J.A.M.E.S./client/engine/systems/systems_functions/render/HealthBarSystem.cpp:100:16: error: ‘struct Rtype::Client::Component::HealthBar’ has no member named ‘yellow_bar’
  100 |     health_bar.yellow_bar.setPosition(posBar);
      |                ^~~~~~~~~~
/home/matt/tek3/RTYPE/R_TYPE_J.A.M.E.S./client/engine/systems/systems_functions/render/HealthBarSystem.cpp:101:16: error: ‘struct Rtype::Client::Component::HealthBar’ has no member named ‘foreground_bar’
  101 |     health_bar.foreground_bar.setPosition(posBar);
      |                ^~~~~~~~~~~~~~
/home/matt/tek3/RTYPE/R_TYPE_J.A.M.E.S./client/engine/systems/systems_functions/render/HealthBarSystem.cpp:103:16: error: ‘struct Rtype::Client::Component::HealthBar’ has no member named ‘green_bar’
  103 |     health_bar.green_bar.setScale(
      |                ^~~~~~~~~
/home/matt/tek3/RTYPE/R_TYPE_J.A.M.E.S./client/engine/systems/systems_functions/render/HealthBarSystem.cpp:105:16: error: ‘struct Rtype::Client::Component::HealthBar’ has no member named ‘yellow_bar’
  105 |     health_bar.yellow_bar.setScale(
      |                ^~~~~~~~~~
/home/matt/tek3/RTYPE/R_TYPE_J.A.M.E.S./client/engine/systems/systems_functions/render/HealthBarSystem.cpp:107:16: error: ‘struct Rtype::Client::Component::HealthBar’ has no member named ‘foreground_bar’
  107 |     health_bar.foreground_bar.setScale(transform_s.x, transform_s.y);
      |                ^~~~~~~~~~~~~~
gmake[3]: *** [client/CMakeFiles/r-type_client.dir/build.make:569: client/CMakeFiles/r-type_client.dir/engine/systems/systems_functions/render/HealthBarSystem.cpp.o] Error 1
In file included from /home/matt/tek3/RTYPE/R_TYPE_J.A.M.E.S./client/game/scenes_management/scenes/GameScene.cpp:1:
/home/matt/tek3/RTYPE/R_TYPE_J.A.M.E.S./client/game/scenes_management/scenes/GameScene.hpp:32:39: error: ‘sf’ has not been declared
   32 |     void AddEnemyLevel(registry &reg, sf::Vector2f position, int i = 0);
      |                                       ^~
/home/matt/tek3/RTYPE/R_TYPE_J.A.M.E.S./client/game/scenes_management/scenes/GameScene.hpp:32:52: error: expected ‘,’ or ‘...’ before ‘position’
   32 |     void AddEnemyLevel(registry &reg, sf::Vector2f position, int i = 0);
      |                                                    ^~~~~~~~
/home/matt/tek3/RTYPE/R_TYPE_J.A.M.E.S./client/game/scenes_management/scenes/GameScene.cpp: In member function ‘virtual void Rtype::Client::GameScene::InitScene(Engine::registry&, Rtype::Client::GameWorld&)’:
/home/matt/tek3/RTYPE/R_TYPE_J.A.M.E.S./client/game/scenes_management/scenes/GameScene.cpp:109:22: error: no matching function for call to ‘Rtype::Client::GameScene::AddEnemyLevel(Engine::registry&, __gnu_cxx::__alloc_traits<std::allocator<sf::Vector2<float> >, sf::Vector2<float> >::value_type&, int&)’
  109 |         AddEnemyLevel(reg, enemy_positions[i], i);
      |         ~~~~~~~~~~~~~^~~~~~~~~~~~~~~~~~~~~~~~~~~~
/home/matt/tek3/RTYPE/R_TYPE_J.A.M.E.S./client/game/scenes_management/scenes/GameScene.cpp:109:22: note: there is 1 candidate
/home/matt/tek3/RTYPE/R_TYPE_J.A.M.E.S./client/game/scenes_management/scenes/GameScene.hpp:32:10: note: candidate 1: ‘void Rtype::Client::GameScene::AddEnemyLevel(Engine::registry&, int)’
   32 |     void AddEnemyLevel(registry &reg, sf::Vector2f position, int i = 0);
      |          ^~~~~~~~~~~~~
/home/matt/tek3/RTYPE/R_TYPE_J.A.M.E.S./client/game/scenes_management/scenes/GameScene.hpp:32:10: note: candidate expects 2 arguments, 3 provided
/home/matt/tek3/RTYPE/R_TYPE_J.A.M.E.S./client/game/scenes_management/scenes/GameScene.cpp: At global scope:
/home/matt/tek3/RTYPE/R_TYPE_J.A.M.E.S./client/game/scenes_management/scenes/GameScene.cpp:113:6: error: no declaration matches ‘void Rtype::Client::GameScene::AddEnemyLevel(Engine::registry&, sf::Vector2f, int)’
  113 | void GameScene::AddEnemyLevel(
      |      ^~~~~~~~~
/home/matt/tek3/RTYPE/R_TYPE_J.A.M.E.S./client/game/scenes_management/scenes/GameScene.hpp:32:10: note: candidate is: ‘void Rtype::Client::GameScene::AddEnemyLevel(Engine::registry&, int)’
   32 |     void AddEnemyLevel(registry &reg, sf::Vector2f position, int i = 0);
      |          ^~~~~~~~~~~~~
/home/matt/tek3/RTYPE/R_TYPE_J.A.M.E.S./client/game/scenes_management/scenes/GameScene.hpp:12:7: note: ‘class Rtype::Client::GameScene’ defined here
   12 | class GameScene : public Scene_A {
      |       ^~~~~~~~~
gmake[3]: *** [client/CMakeFiles/r-type_client.dir/build.make:751: client/CMakeFiles/r-type_client.dir/game/scenes_management/scenes/GameScene.cpp.o] Error 1
gmake[2]: *** [CMakeFiles/Makefile2:509: client/CMakeFiles/r-type_client.dir/all] Error 2
gmake[1]: *** [CMakeFiles/Makefile2:516: client/CMakeFiles/r-type_client.dir/rule] Error 2
gmake: *** [Makefile:258: r-type_client] Error 2
